<dec f='codebrowser/elf/dl-find_object.h' l='38' type='struct link_map *'/>
<use f='codebrowser/elf/dl-find_object.h' l='58' u='a' c='_dl_find_object_internal_copy'/>
<use f='codebrowser/elf/dl-find_object.h' l='58' u='a' c='_dl_find_object_internal_copy'/>
<use f='codebrowser/elf/dl-find_object.h' l='58' u='a' c='_dl_find_object_internal_copy'/>
<use f='codebrowser/elf/dl-find_object.h' l='58' u='a' c='_dl_find_object_internal_copy'/>
<use f='codebrowser/elf/dl-find_object.h' l='58' u='a' c='_dl_find_object_internal_copy'/>
<use f='codebrowser/elf/dl-find_object.h' l='59' u='a' c='_dl_find_object_internal_copy'/>
<use f='codebrowser/elf/dl-find_object.h' l='59' u='a' c='_dl_find_object_internal_copy'/>
<use f='codebrowser/elf/dl-find_object.h' l='59' u='a' c='_dl_find_object_internal_copy'/>
<use f='codebrowser/elf/dl-find_object.h' l='59' u='a' c='_dl_find_object_internal_copy'/>
<use f='codebrowser/elf/dl-find_object.h' l='59' u='a' c='_dl_find_object_internal_copy'/>
<use f='codebrowser/elf/dl-find_object.h' l='79' u='r' c='_dl_find_object_to_external'/>
<use f='codebrowser/elf/dl-find_object.h' l='97' u='a' c='_dl_find_object_from_map'/>
<use f='codebrowser/elf/dl-find_object.h' l='97' u='a' c='_dl_find_object_from_map'/>
<use f='codebrowser/elf/dl-find_object.h' l='97' u='a' c='_dl_find_object_from_map'/>
<use f='codebrowser/elf/dl-find_object.h' l='97' u='a' c='_dl_find_object_from_map'/>
<use f='codebrowser/elf/dl-find_object.h' l='97' u='a' c='_dl_find_object_from_map'/>
<offset>128</offset>
<doc f='codebrowser/elf/dl-find_object.h' l='38'>/* Set to NULL by dlclose.  */</doc>
<use f='codebrowser/elf/dl-find_object.c' l='140' u='r' c='_dlfo_mappings_segment_count_used'/>
<use f='codebrowser/elf/dl-find_object.c' l='718' u='r' c='_dl_find_object_update_1'/>
<use f='codebrowser/elf/dl-find_object.c' l='836' u='a' c='_dl_find_object_dlclose'/>
<use f='codebrowser/elf/dl-find_object.c' l='836' u='a' c='_dl_find_object_dlclose'/>
<use f='codebrowser/elf/dl-find_object.c' l='836' u='a' c='_dl_find_object_dlclose'/>
<use f='codebrowser/elf/dl-find_object.c' l='836' u='a' c='_dl_find_object_dlclose'/>
<use f='codebrowser/elf/dl-find_object.c' l='836' u='a' c='_dl_find_object_dlclose'/>
