<dec f='codebrowser/sysdeps/generic/ldsodefs.h' l='457' type='struct link_map *'/>
<offset>64</offset>
<use f='codebrowser/csu/libc-tls.c' l='210' u='w' c='__libc_setup_tls'/>
<use f='codebrowser/elf/dl-close.c' l='75' u='r' c='remove_slotinfo'/>
<use f='codebrowser/elf/dl-close.c' l='84' u='a' c='remove_slotinfo'/>
<use f='codebrowser/elf/dl-close.c' l='84' u='a' c='remove_slotinfo'/>
<use f='codebrowser/elf/dl-close.c' l='84' u='a' c='remove_slotinfo'/>
<use f='codebrowser/elf/dl-close.c' l='84' u='a' c='remove_slotinfo'/>
<use f='codebrowser/elf/dl-close.c' l='84' u='a' c='remove_slotinfo'/>
<use f='codebrowser/elf/dl-close.c' l='101' u='r' c='remove_slotinfo'/>
<use f='codebrowser/elf/dl-libc.c' l='247' u='r' c='free_slotinfo'/>
<use f='codebrowser/elf/rtld.c' l='791' u='w' c='init_tls'/>
<use f='codebrowser/nptl_db/structs.def' l='120' u='r'/>
<use f='codebrowser/elf/dl-tls.c' l='152' u='r' c='_dl_assign_tls_modid'/>
<use f='codebrowser/elf/dl-tls.c' l='162' u='a' c='_dl_assign_tls_modid'/>
<use f='codebrowser/elf/dl-tls.c' l='162' u='a' c='_dl_assign_tls_modid'/>
<use f='codebrowser/elf/dl-tls.c' l='162' u='a' c='_dl_assign_tls_modid'/>
<use f='codebrowser/elf/dl-tls.c' l='162' u='a' c='_dl_assign_tls_modid'/>
<use f='codebrowser/elf/dl-tls.c' l='162' u='a' c='_dl_assign_tls_modid'/>
<use f='codebrowser/elf/dl-tls.c' l='208' u='r' c='_dl_count_modids'/>
<use f='codebrowser/elf/dl-tls.c' l='568' u='r' c='_dl_allocate_tls_init'/>
<use f='codebrowser/elf/dl-tls.c' l='1066' u='a' c='_dl_add_to_slotinfo'/>
<use f='codebrowser/elf/dl-tls.c' l='1066' u='a' c='_dl_add_to_slotinfo'/>
<use f='codebrowser/elf/dl-tls.c' l='1066' u='a' c='_dl_add_to_slotinfo'/>
<use f='codebrowser/elf/dl-tls.c' l='1066' u='a' c='_dl_add_to_slotinfo'/>
<use f='codebrowser/elf/dl-tls.c' l='1066' u='a' c='_dl_add_to_slotinfo'/>
